// Jest Snapshot v1, https://goo.gl/fbAQLP

exports[`Form component should render as expected 1`] = `ShallowWrapper {}`;
